#Find a path from a student to another student using the full studentsInClass dataset.

loaded graph studentsInClass

path from JERRY to WISH:
no path found